{"null":null,"bool":false,"int":42,"float":3.14,"string":"fizzbuzz","empty_array":[],"empty_std_class":{},"array":[null,true,42,3.14,"fizzbuzz",[],[null,true,42,3.14,"fizzbuzz",[],null,null,{},null,null],{"null":null,"bool":false,"int":42,"float":3.14,"string":"fizzbuzz","empty_array":[],"array":null,"associative_array":null,"empty_std_class":{},"std_class":null,"entity":null},{},{"null":null,"bool":true,"int":42,"float":3.14,"string":"fizzbuzz","empty_array":[],"array":null,"associative_array":null,"empty_std_class":{},"std_class":null,"entity":null},{"null":null,"bool":false,"int":42,"float":3.14,"string":"fizzbuzz","empty_array":[],"empty_std_class":{},"array":null,"associative_array":null,"std_class":null,"entity":null}],"associative_array":{"null":null,"bool":false,"int":42,"float":3.14,"string":"fizzbuzz","empty_array":[],"array":[null,true,42,3.14,"fizzbuzz",[],null,null,{},null,null],"associative_array":{"null":null,"bool":false,"int":42,"float":3.14,"string":"fizzbuzz","empty_array":[],"array":null,"associative_array":null,"empty_std_class":{},"std_class":null,"entity":null},"empty_std_class":{},"std_class":{"null":null,"bool":true,"int":42,"float":3.14,"string":"fizzbuzz","empty_array":[],"array":null,"associative_array":null,"empty_std_class":{},"std_class":null,"entity":null},"entity":{"null":null,"bool":false,"int":42,"float":3.14,"string":"fizzbuzz","empty_array":[],"empty_std_class":{},"array":null,"associative_array":null,"std_class":null,"entity":null}},"std_class":{"null":null,"bool":true,"int":42,"float":3.14,"string":"fizzbuzz","empty_array":[],"array":[null,true,42,3.14,"fizzbuzz",[],null,null,{},null,null],"associative_array":{"null":null,"bool":false,"int":42,"float":3.14,"string":"fizzbuzz","empty_array":[],"array":null,"associative_array":null,"empty_std_class":{},"std_class":null,"entity":null},"empty_std_class":{},"std_class":{"null":null,"bool":true,"int":42,"float":3.14,"string":"fizzbuzz","empty_array":[],"array":null,"associative_array":null,"empty_std_class":{},"std_class":null,"entity":null},"entity":{"null":null,"bool":false,"int":42,"float":3.14,"string":"fizzbuzz","empty_array":[],"empty_std_class":{},"array":null,"associative_array":null,"std_class":null,"entity":null}},"entity":{"null":null,"bool":false,"int":42,"float":3.14,"string":"fizzbuzz","empty_array":[],"empty_std_class":{},"array":[null,true,42,3.14,"fizzbuzz",[],null,null,{},null,null],"associative_array":{"null":null,"bool":false,"int":42,"float":3.14,"string":"fizzbuzz","empty_array":[],"array":null,"associative_array":null,"empty_std_class":{},"std_class":null,"entity":null},"std_class":{"null":null,"bool":true,"int":42,"float":3.14,"string":"fizzbuzz","empty_array":[],"array":null,"associative_array":null,"empty_std_class":{},"std_class":null,"entity":null},"entity":{"null":null,"bool":false,"int":42,"float":3.14,"string":"fizzbuzz","empty_array":[],"empty_std_class":{},"array":null,"associative_array":null,"std_class":null,"entity":null}}}